// Jest Snapshot v1, https://goo.gl/fbAQLP

exports[`1 child delayed fade in 1`] = `
<DocumentFragment>
  <div>
    <p>
      1
    </p>
  </div>
</DocumentFragment>
`;
