// Jest Snapshot v1, https://goo.gl/fbAQLP

exports[`dynamic list 1`] = `
<div>
  <a
    onClick={[Function]}
    style={
      Object {
        "cursor": "pointer",
        "display": "block",
        "textAlign": "center",
        "userSelect": "none",
      }
    }
  >
    Add Entry
  </a>
  <div>
    <h1>
      Entries
    </h1>
  </div>
  <div>
    <p>
      <a
        onClick={[Function]}
        style={
          Object {
            "textDecoration": "none",
          }
        }
      >
        ‚ùå
      </a>
       
      First Entry
    </p>
  </div>
</div>
`;
